// Jest Snapshot v1, https://goo.gl/fbAQLP

exports[`Pawn Basic rendering 1`] = `
<DocumentFragment>
  <img
    alt="duck pawn"
    class="duckFace red"
    data-testid="test-pawn"
    src="./assets/img/duck-red.png"
  />
</DocumentFragment>
`;
