// Jest Snapshot v1, https://goo.gl/fbAQLP

exports[`Board Basic rendering 1`] = `
<div
  className="board_container"
>
  <div
    className="board"
  >
    <div
      className="row"
    >
      <div
        className="zoom"
        onKeyPress={[Function]}
        tabIndex={0}
      >
        <div
          className="square"
          onClick={[Function]}
          onDragOver={[Function]}
          onDrop={[Function]}
          onKeyPress={[Function]}
          tabIndex={-1}
        />
      </div>
      <div
        className="zoom"
        onKeyPress={[Function]}
        tabIndex={0}
      >
        <div
          className="square"
          onClick={[Function]}
          onDragOver={[Function]}
          onDrop={[Function]}
          onKeyPress={[Function]}
          tabIndex={-1}
        />
      </div>
      <div
        className="zoom"
        onKeyPress={[Function]}
        tabIndex={0}
      >
        <div
          className="square"
          onClick={[Function]}
          onDragOver={[Function]}
          onDrop={[Function]}
          onKeyPress={[Function]}
          tabIndex={-1}
        />
      </div>
      <div
        className="zoom"
        onKeyPress={[Function]}
        tabIndex={0}
      >
        <div
          className="square"
          onClick={[Function]}
          onDragOver={[Function]}
          onDrop={[Function]}
          onKeyPress={[Function]}
          tabIndex={-1}
        />
      </div>
      <div
        className="zoom"
        onKeyPress={[Function]}
        tabIndex={0}
      >
        <div
          className="square"
          onClick={[Function]}
          onDragOver={[Function]}
          onDrop={[Function]}
          onKeyPress={[Function]}
          tabIndex={-1}
        />
      </div>
      <div
        className="zoom"
        onKeyPress={[Function]}
        tabIndex={0}
      >
        <div
          className="square"
          onClick={[Function]}
          onDragOver={[Function]}
          onDrop={[Function]}
          onKeyPress={[Function]}
          tabIndex={-1}
        />
      </div>
      <div
        className="zoom"
        onKeyPress={[Function]}
        tabIndex={0}
      >
        <div
          className="square"
          onClick={[Function]}
          onDragOver={[Function]}
          onDrop={[Function]}
          onKeyPress={[Function]}
          tabIndex={-1}
        />
      </div>
      <div
        className="zoom"
        onKeyPress={[Function]}
        tabIndex={0}
      >
        <div
          className="square"
          onClick={[Function]}
          onDragOver={[Function]}
          onDrop={[Function]}
          onKeyPress={[Function]}
          tabIndex={-1}
        />
      </div>
    </div>
    <div
      className="row"
    >
      <div
        className="zoom"
        onKeyPress={[Function]}
        tabIndex={0}
      >
        <div
          className="square"
          onClick={[Function]}
          onDragOver={[Function]}
          onDrop={[Function]}
          onKeyPress={[Function]}
          tabIndex={-1}
        />
      </div>
      <div
        className="zoom"
        onKeyPress={[Function]}
        tabIndex={0}
      >
        <div
          className="square"
          onClick={[Function]}
          onDragOver={[Function]}
          onDrop={[Function]}
          onKeyPress={[Function]}
          tabIndex={-1}
        />
      </div>
      <div
        className="zoom"
        onKeyPress={[Function]}
        tabIndex={0}
      >
        <div
          className="square"
          onClick={[Function]}
          onDragOver={[Function]}
          onDrop={[Function]}
          onKeyPress={[Function]}
          tabIndex={-1}
        />
      </div>
      <div
        className="zoom"
        onKeyPress={[Function]}
        tabIndex={0}
      >
        <div
          className="square"
          onClick={[Function]}
          onDragOver={[Function]}
          onDrop={[Function]}
          onKeyPress={[Function]}
          tabIndex={-1}
        />
      </div>
      <div
        className="zoom"
        onKeyPress={[Function]}
        tabIndex={0}
      >
        <div
          className="square"
          onClick={[Function]}
          onDragOver={[Function]}
          onDrop={[Function]}
          onKeyPress={[Function]}
          tabIndex={-1}
        />
      </div>
      <div
        className="zoom"
        onKeyPress={[Function]}
        tabIndex={0}
      >
        <div
          className="square"
          onClick={[Function]}
          onDragOver={[Function]}
          onDrop={[Function]}
          onKeyPress={[Function]}
          tabIndex={-1}
        />
      </div>
      <div
        className="zoom"
        onKeyPress={[Function]}
        tabIndex={0}
      >
        <div
          className="square"
          onClick={[Function]}
          onDragOver={[Function]}
          onDrop={[Function]}
          onKeyPress={[Function]}
          tabIndex={-1}
        />
      </div>
      <div
        className="zoom"
        onKeyPress={[Function]}
        tabIndex={0}
      >
        <div
          className="square"
          onClick={[Function]}
          onDragOver={[Function]}
          onDrop={[Function]}
          onKeyPress={[Function]}
          tabIndex={-1}
        />
      </div>
    </div>
    <div
      className="row"
    >
      <div
        className="zoom"
        onKeyPress={[Function]}
        tabIndex={0}
      >
        <div
          className="square"
          onClick={[Function]}
          onDragOver={[Function]}
          onDrop={[Function]}
          onKeyPress={[Function]}
          tabIndex={-1}
        />
      </div>
      <div
        className="zoom"
        onKeyPress={[Function]}
        tabIndex={0}
      >
        <div
          className="square"
          onClick={[Function]}
          onDragOver={[Function]}
          onDrop={[Function]}
          onKeyPress={[Function]}
          tabIndex={-1}
        />
      </div>
      <div
        className="zoom"
        onKeyPress={[Function]}
        tabIndex={0}
      >
        <div
          className="square"
          onClick={[Function]}
          onDragOver={[Function]}
          onDrop={[Function]}
          onKeyPress={[Function]}
          tabIndex={-1}
        />
      </div>
      <div
        className="zoom"
        onKeyPress={[Function]}
        tabIndex={0}
      >
        <div
          className="square"
          onClick={[Function]}
          onDragOver={[Function]}
          onDrop={[Function]}
          onKeyPress={[Function]}
          tabIndex={-1}
        />
      </div>
      <div
        className="zoom"
        onKeyPress={[Function]}
        tabIndex={0}
      >
        <div
          className="square"
          onClick={[Function]}
          onDragOver={[Function]}
          onDrop={[Function]}
          onKeyPress={[Function]}
          tabIndex={-1}
        />
      </div>
      <div
        className="zoom"
        onKeyPress={[Function]}
        tabIndex={0}
      >
        <div
          className="square"
          onClick={[Function]}
          onDragOver={[Function]}
          onDrop={[Function]}
          onKeyPress={[Function]}
          tabIndex={-1}
        />
      </div>
      <div
        className="zoom"
        onKeyPress={[Function]}
        tabIndex={0}
      >
        <div
          className="square"
          onClick={[Function]}
          onDragOver={[Function]}
          onDrop={[Function]}
          onKeyPress={[Function]}
          tabIndex={-1}
        />
      </div>
      <div
        className="zoom"
        onKeyPress={[Function]}
        tabIndex={0}
      >
        <div
          className="square"
          onClick={[Function]}
          onDragOver={[Function]}
          onDrop={[Function]}
          onKeyPress={[Function]}
          tabIndex={-1}
        />
      </div>
    </div>
    <div
      className="row"
    >
      <div
        className="zoom"
        onKeyPress={[Function]}
        tabIndex={0}
      >
        <div
          className="square"
          onClick={[Function]}
          onDragOver={[Function]}
          onDrop={[Function]}
          onKeyPress={[Function]}
          tabIndex={-1}
        />
      </div>
      <div
        className="zoom"
        onKeyPress={[Function]}
        tabIndex={0}
      >
        <div
          className="square"
          onClick={[Function]}
          onDragOver={[Function]}
          onDrop={[Function]}
          onKeyPress={[Function]}
          tabIndex={-1}
        />
      </div>
      <div
        className="zoom"
        onKeyPress={[Function]}
        tabIndex={0}
      >
        <div
          className="square"
          onClick={[Function]}
          onDragOver={[Function]}
          onDrop={[Function]}
          onKeyPress={[Function]}
          tabIndex={-1}
        />
      </div>
      <div
        className="zoom"
        onKeyPress={[Function]}
        tabIndex={0}
      >
        <div
          className="square"
          onClick={[Function]}
          onDragOver={[Function]}
          onDrop={[Function]}
          onKeyPress={[Function]}
          tabIndex={-1}
        >
          <img
            className="duckFace yellow"
            src="./assets/img/duck-yellow.png"
          />
        </div>
      </div>
      <div
        className="zoom"
        onKeyPress={[Function]}
        tabIndex={0}
      >
        <div
          className="square"
          onClick={[Function]}
          onDragOver={[Function]}
          onDrop={[Function]}
          onKeyPress={[Function]}
          tabIndex={-1}
        >
          <img
            className="duckFace red"
            src="./assets/img/duck-red.png"
          />
        </div>
      </div>
      <div
        className="zoom"
        onKeyPress={[Function]}
        tabIndex={0}
      >
        <div
          className="square"
          onClick={[Function]}
          onDragOver={[Function]}
          onDrop={[Function]}
          onKeyPress={[Function]}
          tabIndex={-1}
        />
      </div>
      <div
        className="zoom"
        onKeyPress={[Function]}
        tabIndex={0}
      >
        <div
          className="square"
          onClick={[Function]}
          onDragOver={[Function]}
          onDrop={[Function]}
          onKeyPress={[Function]}
          tabIndex={-1}
        />
      </div>
      <div
        className="zoom"
        onKeyPress={[Function]}
        tabIndex={0}
      >
        <div
          className="square"
          onClick={[Function]}
          onDragOver={[Function]}
          onDrop={[Function]}
          onKeyPress={[Function]}
          tabIndex={-1}
        />
      </div>
    </div>
    <div
      className="row"
    >
      <div
        className="zoom"
        onKeyPress={[Function]}
        tabIndex={0}
      >
        <div
          className="square"
          onClick={[Function]}
          onDragOver={[Function]}
          onDrop={[Function]}
          onKeyPress={[Function]}
          tabIndex={-1}
        />
      </div>
      <div
        className="zoom"
        onKeyPress={[Function]}
        tabIndex={0}
      >
        <div
          className="square"
          onClick={[Function]}
          onDragOver={[Function]}
          onDrop={[Function]}
          onKeyPress={[Function]}
          tabIndex={-1}
        />
      </div>
      <div
        className="zoom"
        onKeyPress={[Function]}
        tabIndex={0}
      >
        <div
          className="square"
          onClick={[Function]}
          onDragOver={[Function]}
          onDrop={[Function]}
          onKeyPress={[Function]}
          tabIndex={-1}
        />
      </div>
      <div
        className="zoom"
        onKeyPress={[Function]}
        tabIndex={0}
      >
        <div
          className="square"
          onClick={[Function]}
          onDragOver={[Function]}
          onDrop={[Function]}
          onKeyPress={[Function]}
          tabIndex={-1}
        >
          <img
            className="duckFace red"
            src="./assets/img/duck-red.png"
          />
        </div>
      </div>
      <div
        className="zoom"
        onKeyPress={[Function]}
        tabIndex={0}
      >
        <div
          className="square"
          onClick={[Function]}
          onDragOver={[Function]}
          onDrop={[Function]}
          onKeyPress={[Function]}
          tabIndex={-1}
        >
          <img
            className="duckFace yellow"
            src="./assets/img/duck-yellow.png"
          />
        </div>
      </div>
      <div
        className="zoom"
        onKeyPress={[Function]}
        tabIndex={0}
      >
        <div
          className="square"
          onClick={[Function]}
          onDragOver={[Function]}
          onDrop={[Function]}
          onKeyPress={[Function]}
          tabIndex={-1}
        />
      </div>
      <div
        className="zoom"
        onKeyPress={[Function]}
        tabIndex={0}
      >
        <div
          className="square"
          onClick={[Function]}
          onDragOver={[Function]}
          onDrop={[Function]}
          onKeyPress={[Function]}
          tabIndex={-1}
        />
      </div>
      <div
        className="zoom"
        onKeyPress={[Function]}
        tabIndex={0}
      >
        <div
          className="square"
          onClick={[Function]}
          onDragOver={[Function]}
          onDrop={[Function]}
          onKeyPress={[Function]}
          tabIndex={-1}
        />
      </div>
    </div>
    <div
      className="row"
    >
      <div
        className="zoom"
        onKeyPress={[Function]}
        tabIndex={0}
      >
        <div
          className="square"
          onClick={[Function]}
          onDragOver={[Function]}
          onDrop={[Function]}
          onKeyPress={[Function]}
          tabIndex={-1}
        />
      </div>
      <div
        className="zoom"
        onKeyPress={[Function]}
        tabIndex={0}
      >
        <div
          className="square"
          onClick={[Function]}
          onDragOver={[Function]}
          onDrop={[Function]}
          onKeyPress={[Function]}
          tabIndex={-1}
        />
      </div>
      <div
        className="zoom"
        onKeyPress={[Function]}
        tabIndex={0}
      >
        <div
          className="square"
          onClick={[Function]}
          onDragOver={[Function]}
          onDrop={[Function]}
          onKeyPress={[Function]}
          tabIndex={-1}
        />
      </div>
      <div
        className="zoom"
        onKeyPress={[Function]}
        tabIndex={0}
      >
        <div
          className="square"
          onClick={[Function]}
          onDragOver={[Function]}
          onDrop={[Function]}
          onKeyPress={[Function]}
          tabIndex={-1}
        />
      </div>
      <div
        className="zoom"
        onKeyPress={[Function]}
        tabIndex={0}
      >
        <div
          className="square"
          onClick={[Function]}
          onDragOver={[Function]}
          onDrop={[Function]}
          onKeyPress={[Function]}
          tabIndex={-1}
        />
      </div>
      <div
        className="zoom"
        onKeyPress={[Function]}
        tabIndex={0}
      >
        <div
          className="square"
          onClick={[Function]}
          onDragOver={[Function]}
          onDrop={[Function]}
          onKeyPress={[Function]}
          tabIndex={-1}
        />
      </div>
      <div
        className="zoom"
        onKeyPress={[Function]}
        tabIndex={0}
      >
        <div
          className="square"
          onClick={[Function]}
          onDragOver={[Function]}
          onDrop={[Function]}
          onKeyPress={[Function]}
          tabIndex={-1}
        />
      </div>
      <div
        className="zoom"
        onKeyPress={[Function]}
        tabIndex={0}
      >
        <div
          className="square"
          onClick={[Function]}
          onDragOver={[Function]}
          onDrop={[Function]}
          onKeyPress={[Function]}
          tabIndex={-1}
        />
      </div>
    </div>
    <div
      className="row"
    >
      <div
        className="zoom"
        onKeyPress={[Function]}
        tabIndex={0}
      >
        <div
          className="square"
          onClick={[Function]}
          onDragOver={[Function]}
          onDrop={[Function]}
          onKeyPress={[Function]}
          tabIndex={-1}
        />
      </div>
      <div
        className="zoom"
        onKeyPress={[Function]}
        tabIndex={0}
      >
        <div
          className="square"
          onClick={[Function]}
          onDragOver={[Function]}
          onDrop={[Function]}
          onKeyPress={[Function]}
          tabIndex={-1}
        />
      </div>
      <div
        className="zoom"
        onKeyPress={[Function]}
        tabIndex={0}
      >
        <div
          className="square"
          onClick={[Function]}
          onDragOver={[Function]}
          onDrop={[Function]}
          onKeyPress={[Function]}
          tabIndex={-1}
        />
      </div>
      <div
        className="zoom"
        onKeyPress={[Function]}
        tabIndex={0}
      >
        <div
          className="square"
          onClick={[Function]}
          onDragOver={[Function]}
          onDrop={[Function]}
          onKeyPress={[Function]}
          tabIndex={-1}
        />
      </div>
      <div
        className="zoom"
        onKeyPress={[Function]}
        tabIndex={0}
      >
        <div
          className="square"
          onClick={[Function]}
          onDragOver={[Function]}
          onDrop={[Function]}
          onKeyPress={[Function]}
          tabIndex={-1}
        />
      </div>
      <div
        className="zoom"
        onKeyPress={[Function]}
        tabIndex={0}
      >
        <div
          className="square"
          onClick={[Function]}
          onDragOver={[Function]}
          onDrop={[Function]}
          onKeyPress={[Function]}
          tabIndex={-1}
        />
      </div>
      <div
        className="zoom"
        onKeyPress={[Function]}
        tabIndex={0}
      >
        <div
          className="square"
          onClick={[Function]}
          onDragOver={[Function]}
          onDrop={[Function]}
          onKeyPress={[Function]}
          tabIndex={-1}
        />
      </div>
      <div
        className="zoom"
        onKeyPress={[Function]}
        tabIndex={0}
      >
        <div
          className="square"
          onClick={[Function]}
          onDragOver={[Function]}
          onDrop={[Function]}
          onKeyPress={[Function]}
          tabIndex={-1}
        />
      </div>
    </div>
    <div
      className="row"
    >
      <div
        className="zoom"
        onKeyPress={[Function]}
        tabIndex={0}
      >
        <div
          className="square"
          onClick={[Function]}
          onDragOver={[Function]}
          onDrop={[Function]}
          onKeyPress={[Function]}
          tabIndex={-1}
        />
      </div>
      <div
        className="zoom"
        onKeyPress={[Function]}
        tabIndex={0}
      >
        <div
          className="square"
          onClick={[Function]}
          onDragOver={[Function]}
          onDrop={[Function]}
          onKeyPress={[Function]}
          tabIndex={-1}
        />
      </div>
      <div
        className="zoom"
        onKeyPress={[Function]}
        tabIndex={0}
      >
        <div
          className="square"
          onClick={[Function]}
          onDragOver={[Function]}
          onDrop={[Function]}
          onKeyPress={[Function]}
          tabIndex={-1}
        />
      </div>
      <div
        className="zoom"
        onKeyPress={[Function]}
        tabIndex={0}
      >
        <div
          className="square"
          onClick={[Function]}
          onDragOver={[Function]}
          onDrop={[Function]}
          onKeyPress={[Function]}
          tabIndex={-1}
        />
      </div>
      <div
        className="zoom"
        onKeyPress={[Function]}
        tabIndex={0}
      >
        <div
          className="square"
          onClick={[Function]}
          onDragOver={[Function]}
          onDrop={[Function]}
          onKeyPress={[Function]}
          tabIndex={-1}
        />
      </div>
      <div
        className="zoom"
        onKeyPress={[Function]}
        tabIndex={0}
      >
        <div
          className="square"
          onClick={[Function]}
          onDragOver={[Function]}
          onDrop={[Function]}
          onKeyPress={[Function]}
          tabIndex={-1}
        />
      </div>
      <div
        className="zoom"
        onKeyPress={[Function]}
        tabIndex={0}
      >
        <div
          className="square"
          onClick={[Function]}
          onDragOver={[Function]}
          onDrop={[Function]}
          onKeyPress={[Function]}
          tabIndex={-1}
        />
      </div>
      <div
        className="zoom"
        onKeyPress={[Function]}
        tabIndex={0}
      >
        <div
          className="square"
          onClick={[Function]}
          onDragOver={[Function]}
          onDrop={[Function]}
          onKeyPress={[Function]}
          tabIndex={-1}
        />
      </div>
    </div>
  </div>
</div>
`;
